Test name:Test2
Test URL:http://localhost:5000/
Test result:True
---------------------------------------------
 